---
source: src/msg/notice.rs
expression: "f(\"@msg-id=msg_banned :tmi.twitch.tv NOTICE #forsen :You are permanently banned from talking in forsen.\")"
---
Notice {
    channel: Some(
        "#forsen",
    ),
    text: "You are permanently banned from talking in forsen.",
    id: Some(
        "msg_banned",
    ),
}
