---
source: src/msg/global_user_state.rs
expression: "f(\"@badge-info=;badges=;color=;display-name=randers811;emote-sets=0;user-id=553170741;user-type= :tmi.twitch.tv GLOBALUSERSTATE\")"
---
GlobalUserState {
    id: "553170741",
    name: "randers811",
    badges: [],
    emote_sets: [
        "0",
    ],
    color: None,
}
